Can only add or subtract structs of matching type
