2021
3
20
2022
2022
2022
2022
4042
2024
2041
-1961
True
True
True
True
2021
3
20
1
True
False
1.2
87
90
True
False
87
4
