Could not resolve type when defining b (Found float, expected bool)
