2021
3
20
2022
2022
2024
2022
4042
2024
2041
56
1
1
1
1
2021
3
20
1
1
0
1.2
87
90
1
0
90
4
