5
startRendering...
endRendering...
startRendering...
endRendering...
