10
1
-1
1
True
False
False
False
0
2
-2
4
2.0
3.0
