1
2
3
4
5
6
7
8
9
10
-1
0
1
2
3
2
4
6
8
10
0
1
1
2
2
